Archive member included to satisfy reference by file (symbol)

/home/texecom/raj/fsl_officials/build_local/tmp/sysroots/imx6ulevk/usr/lib/arm-poky-linux-gnueabi/5.2.0/libgcc.a(_udivsi3.o)
                              arch/arm/cpu/armv7/built-in.o (__aeabi_uidiv)
/home/texecom/raj/fsl_officials/build_local/tmp/sysroots/imx6ulevk/usr/lib/arm-poky-linux-gnueabi/5.2.0/libgcc.a(_divsi3.o)
                              common/built-in.o (__aeabi_idiv)
/home/texecom/raj/fsl_officials/build_local/tmp/sysroots/imx6ulevk/usr/lib/arm-poky-linux-gnueabi/5.2.0/libgcc.a(_lshrdi3.o)
                              lib/built-in.o (__aeabi_llsr)
/home/texecom/raj/fsl_officials/build_local/tmp/sysroots/imx6ulevk/usr/lib/arm-poky-linux-gnueabi/5.2.0/libgcc.a(_ashldi3.o)
                              drivers/mmc/built-in.o (__aeabi_llsl)
/home/texecom/raj/fsl_officials/build_local/tmp/sysroots/imx6ulevk/usr/lib/arm-poky-linux-gnueabi/5.2.0/libgcc.a(_dvmd_lnx.o)
                              /home/texecom/raj/fsl_officials/build_local/tmp/sysroots/imx6ulevk/usr/lib/arm-poky-linux-gnueabi/5.2.0/libgcc.a(_udivsi3.o) (__aeabi_idiv0)

Discarded input sections

 .data          0x0000000000000000        0x0 arch/arm/cpu/armv7/start.o
 .bss           0x0000000000000000        0x0 arch/arm/cpu/armv7/start.o
 .text.v7_arch_cp15_set_l2aux_ctrl
                0x0000000000000000        0x8 arch/arm/cpu/armv7/built-in.o
 .text.v7_arch_cp15_set_acr
                0x0000000000000000        0x8 arch/arm/cpu/armv7/built-in.o
 .text.sdelay   0x0000000000000000        0xc arch/arm/cpu/armv7/built-in.o
 .text.wait_on_value
                0x0000000000000000       0x34 arch/arm/cpu/armv7/built-in.o
 .text.get_nr_cpus
                0x0000000000000000       0x10 arch/arm/cpu/armv7/built-in.o
 .text.get_board_rev
                0x0000000000000000       0x30 arch/arm/cpu/armv7/built-in.o
 .text.get_boot_device
                0x0000000000000000       0x9c arch/arm/cpu/armv7/built-in.o
 .text.enable_usdhc_clk
                0x0000000000000000       0x4c arch/arm/cpu/armv7/built-in.o
 .text.enable_spi_clk
                0x0000000000000000       0x44 arch/arm/cpu/armv7/built-in.o
 .text.mxs_set_vadcclk
                0x0000000000000000       0x24 arch/arm/cpu/armv7/built-in.o
 .text.mx6_ecspi_fused
                0x0000000000000000       0x64 arch/arm/cpu/armv7/built-in.o
 .text.mx6_uart_fused
                0x0000000000000000       0xbc arch/arm/cpu/armv7/built-in.o
 .data          0x0000000000000000        0x0 arch/arm/cpu/armv7/built-in.o
 .bss           0x0000000000000000        0x0 arch/arm/cpu/armv7/built-in.o
 .text          0x0000000000000000        0x0 arch/arm/imx-common/built-in.o
 .text.imx_iomux_set_gpr_register
                0x0000000000000000       0x3c arch/arm/imx-common/built-in.o
 .text.get_imx_reset_cause
                0x0000000000000000       0x10 arch/arm/imx-common/built-in.o
 .text.imx_ddr_size
                0x0000000000000000       0x64 arch/arm/imx-common/built-in.o
 .text.set_chipselect_size
                0x0000000000000000       0x84 arch/arm/imx-common/built-in.o
 .text.usec2ticks
                0x0000000000000000       0x60 arch/arm/imx-common/built-in.o
 .rodata.col_lookup
                0x0000000000000000        0x8 arch/arm/imx-common/built-in.o
 .rodata.bank_lookup
                0x0000000000000000        0x2 arch/arm/imx-common/built-in.o
 .data          0x0000000000000000        0x0 arch/arm/imx-common/built-in.o
 .bss           0x0000000000000000        0x0 arch/arm/imx-common/built-in.o
 .text.reset_misc
                0x0000000000000000        0x4 arch/arm/lib/built-in.o
 .text.flush_cache
                0x0000000000000000        0x4 arch/arm/lib/built-in.o
 .text.flush_dcache_all
                0x0000000000000000        0xc arch/arm/lib/built-in.o
 .text.enable_caches
                0x0000000000000000        0xc arch/arm/lib/built-in.o
 .text.arm_init_before_mmu
                0x0000000000000000        0x4 arch/arm/lib/built-in.o
 .text.mmu_page_table_flush
                0x0000000000000000        0x4 arch/arm/lib/built-in.o
 .data          0x0000000000000000        0x0 arch/arm/lib/built-in.o
 .__secure_start
                0x0000000000000000        0x0 arch/arm/lib/built-in.o
 .__secure_end  0x0000000000000000        0x0 arch/arm/lib/built-in.o
 .bss           0x0000000000000000        0x0 arch/arm/lib/built-in.o
 .text          0x0000000000000000        0x0 board/freescale/mx6ul_14x14_evk/built-in.o
 .text.iox74lv_set
                0x0000000000000000       0xfc board/freescale/mx6ul_14x14_evk/built-in.o
 .data          0x0000000000000000        0x0 board/freescale/mx6ul_14x14_evk/built-in.o
 .bss           0x0000000000000000        0x0 board/freescale/mx6ul_14x14_evk/built-in.o
 .text          0x0000000000000000        0x0 common/built-in.o
 .text.hash_finish_crc32
                0x0000000000000000       0x30 common/built-in.o
 .text.hash_update_crc32
[...]
Memory Configuration

Name             Origin             Length             Attributes
*default*        0x0000000000000000 0xffffffffffffffff

Linker script and memory map

Address of section .text set to 0x87800000
                0x0000000000000000                . = 0x0
                0x0000000000000000                . = ALIGN (0x4)

.text           0x0000000087800000    0x32fa4
 *(.__image_copy_start)
 .__image_copy_start
                0x0000000087800000        0x0 arch/arm/lib/built-in.o
                0x0000000087800000                __image_copy_start
 *(.vectors)
 .vectors       0x0000000087800000      0x300 arch/arm/lib/built-in.o
                0x0000000087800000                _start
                0x0000000087800020                _undefined_instruction
                0x0000000087800024                _software_interrupt
                0x0000000087800028                _prefetch_abort
                0x000000008780002c                _data_abort
                0x0000000087800030                _not_used
                0x0000000087800034                _irq
                0x0000000087800038                _fiq
                0x0000000087800040                IRQ_STACK_START_IN
 arch/arm/cpu/armv7/start.o(.text*)
 .text          0x0000000087800300       0xb0 arch/arm/cpu/armv7/start.o
                0x0000000087800300                reset
                0x0000000087800304                save_boot_params_ret
                0x0000000087800340                c_runtime_cpu_setup
                0x0000000087800350                save_boot_params
                0x0000000087800354                cpu_init_cp15
                0x00000000878003a8                cpu_init_crit
 *(.text*)
 .text          0x00000000878003b0       0x1c arch/arm/cpu/armv7/built-in.o
                0x00000000878003b0                lowlevel_init
 .text.v7_maint_dcache_all
                0x00000000878003cc       0xd4 arch/arm/cpu/armv7/built-in.o
 .text.invalidate_icache_all
                0x00000000878004a0       0x18 arch/arm/cpu/armv7/built-in.o
                0x00000000878004a0                invalidate_icache_all
 .text.v7_outer_cache_enable
                0x00000000878004b8        0x4 arch/arm/cpu/armv7/built-in.o
                0x00000000878004b8                v7_outer_cache_enable
 .text.v7_outer_cache_disable
                0x00000000878004bc        0x4 arch/arm/cpu/armv7/built-in.o
                0x00000000878004bc                v7_outer_cache_disable
 .text.v7_outer_cache_flush_all
                0x00000000878004c0        0x4 arch/arm/cpu/armv7/built-in.o
                0x00000000878004c0                v7_outer_cache_flush_all
 .text.flush_dcache_all
                0x00000000878004c4       0x14 arch/arm/cpu/armv7/built-in.o
                0x00000000878004c4                flush_dcache_all
 .text.v7_outer_cache_inval_all
                0x00000000878004d8        0x4 arch/arm/cpu/armv7/built-in.o
                0x00000000878004d8                v7_outer_cache_inval_all
 .text.invalidate_dcache_all
                0x00000000878004dc       0x14 arch/arm/cpu/armv7/built-in.o
                0x00000000878004dc                invalidate_dcache_all
 .text.arm_init_before_mmu
                0x00000000878004f0       0x28 arch/arm/cpu/armv7/built-in.o
                0x00000000878004f0                arm_init_before_mmu
 .text.v7_outer_cache_flush_range
                0x0000000087800518        0x4 arch/arm/cpu/armv7/built-in.o
                0x0000000087800518                v7_outer_cache_flush_range
 .text.flush_dcache_range
                0x000000008780051c       0x3c arch/arm/cpu/armv7/built-in.o
                0x000000008780051c                flush_dcache_range
 .text.mmu_page_table_flush
                0x0000000087800558       0x24 arch/arm/cpu/armv7/built-in.o
                0x0000000087800558                mmu_page_table_flush
 .text.flush_cache
                0x000000008780057c        0x8 arch/arm/cpu/armv7/built-in.o
                0x000000008780057c                flush_cache
 .text.v7_outer_cache_inval_range
                0x0000000087800584        0x4 arch/arm/cpu/armv7/built-in.o
                0x0000000087800584                v7_outer_cache_inval_range
 .text.invalidate_dcache_range
                0x0000000087800588       0xac arch/arm/cpu/armv7/built-in.o
                0x0000000087800588                invalidate_dcache_range
 .text.cpu_cache_initialization
                0x0000000087800634        0x4 arch/arm/cpu/armv7/built-in.o
                0x0000000087800634                cpu_cache_initialization
 .text.cleanup_before_linux
                0x0000000087800638       0x28 arch/arm/cpu/armv7/built-in.o
                0x0000000087800638                cleanup_before_linux
 .text.get_cpu_rev
                0x0000000087800660       0x68 arch/arm/cpu/armv7/built-in.o
                0x0000000087800660                get_cpu_rev
 .text.init_aips
                0x00000000878006c8       0x58 arch/arm/cpu/armv7/built-in.o
                0x00000000878006c8                init_aips
 .text.arch_cpu_init
                0x0000000087800720      0x13c arch/arm/cpu/armv7/built-in.o
                0x0000000087800720                arch_cpu_init
 .text.board_postclk_init
                0x000000008780085c       0x58 arch/arm/cpu/armv7/built-in.o
                0x000000008780085c                board_postclk_init
 .text.enable_caches
                0x00000000878008b4       0x34 arch/arm/cpu/armv7/built-in.o
                0x00000000878008b4                enable_caches
 .text.set_mac_to_fuses
                0x00000000878008e8       0x44 arch/arm/cpu/armv7/built-in.o
                0x00000000878008e8                set_mac_to_fuses
 .text.imx_get_mac_from_fuse
                0x000000008780092c       0x84 arch/arm/cpu/armv7/built-in.o
                0x000000008780092c                imx_get_mac_from_fuse
 .text.boot_mode_apply
                0x00000000878009b0       0x24 arch/arm/cpu/armv7/built-in.o
                0x00000000878009b0                boot_mode_apply
 .text.s_init   0x00000000878009d4       0x88 arch/arm/cpu/armv7/built-in.o
                0x00000000878009d4                s_init
 .text.set_wdog_reset
                0x0000000087800a5c       0x18 arch/arm/cpu/armv7/built-in.o
                0x0000000087800a5c                set_wdog_reset
 .text.reset_misc
                0x0000000087800a74       0x1c arch/arm/cpu/armv7/built-in.o
                0x0000000087800a74                reset_misc
 .text.get_ipg_clk
                0x0000000087800a90       0x28 arch/arm/cpu/armv7/built-in.o
 .text.get_uart_clk
                0x0000000087800ab8       0x5c arch/arm/cpu/armv7/built-in.o
 .text.mxc_get_pll_pfd
                0x0000000087800b14       0x98 arch/arm/cpu/armv7/built-in.o
 .text.get_usdhc_clk
                0x0000000087800bac       0x68 arch/arm/cpu/armv7/built-in.o
 .text.enable_ocotp_clk
                0x0000000087800c14       0x24 arch/arm/cpu/armv7/built-in.o
                0x0000000087800c14                enable_ocotp_clk
 .text.enable_usboh3_clk
                0x0000000087800c38       0x24 arch/arm/cpu/armv7/built-in.o
                0x0000000087800c38                enable_usboh3_clk
 .text.enable_enet_clk
                0x0000000087800c5c       0x24 arch/arm/cpu/armv7/built-in.o
                0x0000000087800c5c                enable_enet_clk
 .text.enable_i2c_clk
                0x0000000087800c80       0x60 arch/arm/cpu/armv7/built-in.o
                0x0000000087800c80                enable_i2c_clk
 .text.get_periph_clk
                0x0000000087800ce0       0xdc arch/arm/cpu/armv7/built-in.o
                0x0000000087800ce0                get_periph_clk
 .text.get_axi_clk
                0x0000000087800dbc       0x4c arch/arm/cpu/armv7/built-in.o
 .text.enable_lcdif_clock
                0x0000000087800e08       0x40 arch/arm/cpu/armv7/built-in.o
                0x0000000087800e08                enable_lcdif_clock
 .text.mxs_set_lcdclk
                0x0000000087800e48      0x230 arch/arm/cpu/armv7/built-in.o
                0x0000000087800e48                mxs_set_lcdclk
 .text.enable_qspi_clk
                0x0000000087801078       0x4c arch/arm/cpu/armv7/built-in.o
                0x0000000087801078                enable_qspi_clk
 .text.enable_fec_anatop_clock
                0x00000000878010c4       0x98 arch/arm/cpu/armv7/built-in.o
                0x00000000878010c4                enable_fec_anatop_clock
 .text.imx_get_uartclk
                0x000000008780115c        0x4 arch/arm/cpu/armv7/built-in.o
                0x000000008780115c                imx_get_uartclk
 .text.enable_thermal_clk
                0x0000000087801160       0x48 arch/arm/cpu/armv7/built-in.o
                0x0000000087801160                enable_thermal_clk
 .text.mxc_get_clock
                0x00000000878011a8      0x308 arch/arm/cpu/armv7/built-in.o
                0x00000000878011a8                mxc_get_clock
 .text.imx_get_fecclk
                0x00000000878014b0        0x8 arch/arm/cpu/armv7/built-in.o
                0x00000000878014b0                imx_get_fecclk
 .text.do_mx6_showclocks
                0x00000000878014b8      0x230 arch/arm/cpu/armv7/built-in.o
                0x00000000878014b8                do_mx6_showclocks
 .text.check_module_fused
                0x00000000878016e8       0x68 arch/arm/cpu/armv7/built-in.o
                0x00000000878016e8                check_module_fused
 .text.ft_system_setup
                0x0000000087801750       0xf4 arch/arm/cpu/armv7/built-in.o
                0x0000000087801750                ft_system_setup
 .text.mx6_esdhc_fused
                0x0000000087801844       0x34 arch/arm/cpu/armv7/built-in.o
                0x0000000087801844                mx6_esdhc_fused
 .text.mx6_usb_fused
                0x0000000087801878       0x14 arch/arm/cpu/armv7/built-in.o
                0x0000000087801878                mx6_usb_fused
 .text.mx6_qspi_fused
                0x000000008780188c       0x20 arch/arm/cpu/armv7/built-in.o
                0x000000008780188c                mx6_qspi_fused
 .text.mx6_i2c_fused
                0x00000000878018ac       0x64 arch/arm/cpu/armv7/built-in.o
                0x00000000878018ac                mx6_i2c_fused
 .text.mx6_enet_fused
                0x0000000087801910       0x34 arch/arm/cpu/armv7/built-in.o
                0x0000000087801910                mx6_enet_fused
 .text.imx_iomux_v3_setup_pad
                0x0000000087801944       0xb0 arch/arm/imx-common/built-in.o
                0x0000000087801944                imx_iomux_v3_setup_pad
 .text.imx_iomux_v3_setup_multiple_pads
                0x00000000878019f4       0x2c arch/arm/imx-common/built-in.o
                0x00000000878019f4                imx_iomux_v3_setup_multiple_pads
 .text.get_imx_type
                0x0000000087801a20       0x20 arch/arm/imx-common/built-in.o
                0x0000000087801a20                get_imx_type
 .text.print_cpuinfo
                0x0000000087801a40      0x1e0 arch/arm/imx-common/built-in.o
                0x0000000087801a40                print_cpuinfo
 .text.cpu_eth_init
                0x0000000087801c20        0x4 arch/arm/imx-common/built-in.o
                0x0000000087801c20                cpu_eth_init
 .text.cpu_mmc_init
                0x0000000087801c24        0x4 arch/arm/imx-common/built-in.o
                0x0000000087801c24                cpu_mmc_init
 .text.get_ahb_clk
                0x0000000087801c28       0x24 arch/arm/imx-common/built-in.o
                0x0000000087801c28                get_ahb_clk
 .text.arch_preboot_os
                0x0000000087801c4c        0x4 arch/arm/imx-common/built-in.o
                0x0000000087801c4c                arch_preboot_os
 .text.get_clocks
                0x0000000087801c50       0x1c arch/arm/imx-common/built-in.o
                0x0000000087801c50                get_clocks
 .text.force_idle_bus
                0x0000000087801c6c      0x1c4 arch/arm/imx-common/built-in.o
 .text.setup_i2c
                0x0000000087801e30       0xec arch/arm/imx-common/built-in.o
                0x0000000087801e30                setup_i2c
 .text.mxs_wait_mask_set
                0x0000000087801f1c       0x3c arch/arm/imx-common/built-in.o
                0x0000000087801f1c                mxs_wait_mask_set
 .text.mxs_wait_mask_clr
                0x0000000087801f58       0x3c arch/arm/imx-common/built-in.o
                0x0000000087801f58                mxs_wait_mask_clr
 .text.mxs_reset_block
                0x0000000087801f94       0x90 arch/arm/imx-common/built-in.o
                0x0000000087801f94                mxs_reset_block
 .text.timer_init
                0x0000000087802024       0x3c arch/arm/imx-common/built-in.o
                0x0000000087802024                timer_init
 .text.get_ticks
                0x0000000087802060       0x18 arch/arm/imx-common/built-in.o
                0x0000000087802060                get_ticks
 .text.get_timer_masked
                0x0000000087802078       0x58 arch/arm/imx-common/built-in.o
                0x0000000087802078                get_timer_masked
 .text.get_timer
                0x00000000878020d0       0x14 arch/arm/imx-common/built-in.o
                0x00000000878020d0                get_timer
 *fill*         0x00000000878020e4        0x4 
 .text.__udelay
                0x00000000878020e8       0x88 arch/arm/imx-common/built-in.o
                0x00000000878020e8                __udelay
 .text.get_tbclk
                0x0000000087802170        0x8 arch/arm/imx-common/built-in.o
                0x0000000087802170                get_tbclk
 .text.create_usage
                0x0000000087802178       0xac arch/arm/imx-common/built-in.o
 .text.do_boot_mode
                0x0000000087802224       0xcc arch/arm/imx-common/built-in.o
 .text.add_board_boot_modes
                0x00000000878022f0       0x60 arch/arm/imx-common/built-in.o
                0x00000000878022f0                add_board_boot_modes
 .text          0x0000000087802350       0xa8 arch/arm/lib/built-in.o
                0x0000000087802350                _main
 .text.relocate_vectors
                0x00000000878023f8       0x70 arch/arm/lib/built-in.o
                0x00000000878023f8                relocate_vectors
                0x0000000087802404                relocate_code
 .text.arch_fixup_fdt
                0x0000000087802468       0x38 arch/arm/lib/built-in.o
                0x0000000087802468                arch_fixup_fdt
 .text.boot_jump_linux
                0x00000000878024a0       0xc4 arch/arm/lib/built-in.o
 .text.arch_lmb_reserve
                0x0000000087802564       0x24 arch/arm/lib/built-in.o
                0x0000000087802564                arch_lmb_reserve
 .text.setup_board_tags
                0x0000000087802588        0x4 arch/arm/lib/built-in.o
                0x0000000087802588                setup_board_tags
 .text.boot_prep_linux
                0x000000008780258c      0x190 arch/arm/lib/built-in.o
 .text.do_bootm_linux
                0x000000008780271c       0x64 arch/arm/lib/built-in.o
                0x000000008780271c                do_bootm_linux
 .text.bootz_setup
                0x0000000087802780       0x58 arch/arm/lib/built-in.o
                0x0000000087802780                bootz_setup
 .text.boot_prep_vxworks
                0x00000000878027d8       0x50 arch/arm/lib/built-in.o
                0x00000000878027d8                boot_prep_vxworks
 .text.boot_jump_vxworks
                0x0000000087802828        0xc arch/arm/lib/built-in.o
                0x0000000087802828                boot_jump_vxworks
 .text.arch_reserve_stacks
                0x0000000087802834       0x1c arch/arm/lib/built-in.o
                0x0000000087802834                arch_reserve_stacks
 .text.interrupt_init
                0x0000000087802850       0x1c arch/arm/lib/built-in.o
                0x0000000087802850                interrupt_init
 .text.enable_interrupts
                0x000000008780286c        0x4 arch/arm/lib/built-in.o
                0x000000008780286c                enable_interrupts
 .text.disable_interrupts
                0x0000000087802870        0x8 arch/arm/lib/built-in.o
                0x0000000087802870                disable_interrupts
 .text.bad_mode
                0x0000000087802878       0x10 arch/arm/lib/built-in.o
                0x0000000087802878                bad_mode
 .text.show_regs
                0x0000000087802888      0x174 arch/arm/lib/built-in.o
                0x0000000087802888                show_regs
 .text.do_undefined_instruction
                0x00000000878029fc       0x20 arch/arm/lib/built-in.o
                0x00000000878029fc                do_undefined_instruction
 .text.do_software_interrupt
                0x0000000087802a1c       0x20 arch/arm/lib/built-in.o
                0x0000000087802a1c                do_software_interrupt
 .text.do_prefetch_abort
                0x0000000087802a3c       0x20 arch/arm/lib/built-in.o
                0x0000000087802a3c                do_prefetch_abort
 .text.do_data_abort
                0x0000000087802a5c       0x20 arch/arm/lib/built-in.o
                0x0000000087802a5c                do_data_abort
 .text.do_not_used
                0x0000000087802a7c       0x20 arch/arm/lib/built-in.o
                0x0000000087802a7c                do_not_used
 .text.do_fiq   0x0000000087802a9c       0x20 arch/arm/lib/built-in.o
                0x0000000087802a9c                do_fiq
 .text.do_irq   0x0000000087802abc       0x20 arch/arm/lib/built-in.o
                0x0000000087802abc                do_irq
 .text.do_reset
                0x0000000087802adc       0x30 arch/arm/lib/built-in.o
                0x0000000087802adc                do_reset
 .text.cp_delay
                0x0000000087802b0c       0x30 arch/arm/lib/built-in.o
 .text.cache_disable
                0x0000000087802b3c       0x54 arch/arm/lib/built-in.o
 .text.arm_init_domains
                0x0000000087802b90        0x4 arch/arm/lib/built-in.o
                0x0000000087802b90                arm_init_domains
 .text.set_section_dcache
                0x0000000087802b94       0x14 arch/arm/lib/built-in.o
                0x0000000087802b94                set_section_dcache
 .text.mmu_set_region_dcache_behaviour
                0x0000000087802ba8       0x4c arch/arm/lib/built-in.o
                0x0000000087802ba8                mmu_set_region_dcache_behaviour
 .text.dram_bank_mmu_setup
                0x0000000087802bf4       0x44 arch/arm/lib/built-in.o
                0x0000000087802bf4                dram_bank_mmu_setup
 .text.icache_enable
                0x0000000087802c38       0x18 arch/arm/lib/built-in.o
                0x0000000087802c38                icache_enable
 .text.icache_disable
                0x0000000087802c50        0x8 arch/arm/lib/built-in.o
                0x0000000087802c50                icache_disable
 .text.icache_status
                0x0000000087802c58        0xc arch/arm/lib/built-in.o
                0x0000000087802c58                icache_status
 .text.dcache_enable
                0x0000000087802c64       0x70 arch/arm/lib/built-in.o
                0x0000000087802c64                dcache_enable
 .text.dcache_disable
                0x0000000087802cd4        0x8 arch/arm/lib/built-in.o
                0x0000000087802cd4                dcache_disable
 .text.dcache_status
                0x0000000087802cdc        0xc arch/arm/lib/built-in.o
                0x0000000087802cdc                dcache_status
 .text.do_enable_parallel_lcd
                0x0000000087802ce8       0x4c board/freescale/mx6ul_14x14_evk/built-in.o
                0x0000000087802ce8                do_enable_parallel_lcd
 .text.iox74lv_init
                0x0000000087802d34       0xfc board/freescale/mx6ul_14x14_evk/built-in.o
                0x0000000087802d34                iox74lv_init
 .text.dram_init
                0x0000000087802e30       0x10 board/freescale/mx6ul_14x14_evk/built-in.o
                0x0000000087802e30                dram_init
 .text.board_qspi_init
                0x0000000087802e40       0x24 board/freescale/mx6ul_14x14_evk/built-in.o
                0x0000000087802e40                board_qspi_init
 .text.mmc_get_env_devno
                0x0000000087802e64       0x48 board/freescale/mx6ul_14x14_evk/built-in.o
                0x0000000087802e64                mmc_get_env_devno
 .text.mmc_map_to_kernel_blk
                0x0000000087802eac       0x24 board/freescale/mx6ul_14x14_evk/built-in.o
                0x0000000087802eac                mmc_map_to_kernel_blk
 .text.board_mmc_getcd
                0x0000000087802ed0       0x80 board/freescale/mx6ul_14x14_evk/built-in.o
                0x0000000087802ed0                board_mmc_getcd
 .text.board_mmc_init
                0x0000000087802f50       0xdc board/freescale/mx6ul_14x14_evk/built-in.o
                0x0000000087802f50                board_mmc_init
 .text.check_mmc_autodetect
                0x000000008780302c       0x38 board/freescale/mx6ul_14x14_evk/built-in.o
                0x000000008780302c                check_mmc_autodetect
 .text.board_late_mmc_init
                0x0000000087803064       0x80 board/freescale/mx6ul_14x14_evk/built-in.o
                0x0000000087803064                board_late_mmc_init
 .text.board_video_skip
                0x00000000878030e4       0xe8 board/freescale/mx6ul_14x14_evk/built-in.o
                0x00000000878030e4                board_video_skip
 .text.board_eth_init
                0x00000000878031cc       0x58 board/freescale/mx6ul_14x14_evk/built-in.o
                0x00000000878031cc                board_eth_init
 .text.board_phy_config
                0x0000000087803224       0x4c board/freescale/mx6ul_14x14_evk/built-in.o
                0x0000000087803224                board_phy_config
 .text.board_usb_phy_mode
                0x0000000087803270       0x14 board/freescale/mx6ul_14x14_evk/built-in.o
                0x0000000087803270                board_usb_phy_mode
 .text.board_ehci_hcd_init
                0x0000000087803284       0x28 board/freescale/mx6ul_14x14_evk/built-in.o
                0x0000000087803284                board_ehci_hcd_init
 .text.board_early_init_f
                0x00000000878032ac       0x1c board/freescale/mx6ul_14x14_evk/built-in.o
                0x00000000878032ac                board_early_init_f
 .text.board_init
                0x00000000878032c8       0xa0 board/freescale/mx6ul_14x14_evk/built-in.o
                0x00000000878032c8                board_init
 .text.board_late_init
                0x0000000087803368       0x28 board/freescale/mx6ul_14x14_evk/built-in.o
                0x0000000087803368                board_late_init
 .text.get_board_rev
                0x0000000087803390        0x4 board/freescale/mx6ul_14x14_evk/built-in.o
                0x0000000087803390                get_board_rev
 .text.checkboard
                0x0000000087803394       0x18 board/freescale/mx6ul_14x14_evk/built-in.o
                0x0000000087803394                checkboard
 .text.show_boot_progress
                0x00000000878033ac        0x4 common/built-in.o
                0x00000000878033ac                show_boot_progress
 .text.main_loop
                0x00000000878033b0       0x20 common/built-in.o
                0x00000000878033b0                main_loop
 .text.dummy    0x00000000878033d0        0x4 common/built-in.o
 .text.get_version
                0x00000000878033d4        0x8 common/built-in.o
                0x00000000878033d4                get_version
 .text.jumptable_init
                0x00000000878033dc      0x1c0 common/built-in.o
                0x00000000878033dc                jumptable_init
 .text.hash_command
                0x000000008780359c       0xb4 common/built-in.o
                0x000000008780359c                hash_command
 .text.b_reset  0x0000000087803650       0x1c common/built-in.o
 .text.static_get
                0x000000008780366c       0x1c common/built-in.o
 .text.file_peek
                0x0000000087803688        0xc common/built-in.o
 .text.mapset   0x0000000087803694       0x20 common/built-in.o
 .text.syntax_err
                0x00000000878036b4        0xc common/built-in.o
 .text.free_pipe_list
                0x00000000878036c0       0xf4 common/built-in.o
 .text.xmalloc  0x00000000878037b4       0x20 common/built-in.o
 .text.new_pipe
                0x00000000878037d4       0x28 common/built-in.o
 .text.xrealloc
                0x00000000878037fc       0x20 common/built-in.o
 .text.done_command
                0x000000008780381c       0x88 common/built-in.o
 .text.done_pipe
                0x00000000878038a4       0x48 common/built-in.o
 .text.done_word
                0x00000000878038ec      0x2e4 common/built-in.o
 .text.do_showvar
                0x0000000087803bd0       0xf4 common/built-in.o
 .text.is_assignment
                0x0000000087803cc4       0x5c common/built-in.o
 .text.file_get
                0x0000000087803d20      0x1ec common/built-in.o
 .text.b_addchr
                0x0000000087803f0c       0x80 common/built-in.o
 .text.b_addqchr
                0x0000000087803f8c       0x50 common/built-in.o
 .text.static_peek
                0x0000000087803fdc        0xc common/built-in.o
 .text.get_local_var
                0x0000000087803fe8       0xa0 common/built-in.o
                0x0000000087803fe8                get_local_var
 .text.set_local_var
                0x0000000087804088      0x1bc common/built-in.o
                0x0000000087804088                set_local_var
 .text.insert_var_value_sub
                0x0000000087804244      0x2c0 common/built-in.o
 .text.parse_string_outer
                0x0000000087804504       0xe4 common/built-in.o
                0x0000000087804504                parse_string_outer
 .text.run_list_real
                0x00000000878045e8      0x7b8 common/built-in.o
 .text.parse_stream_outer
                0x0000000087804da0      0x6d0 common/built-in.o
 .text.parse_file_outer
                0x0000000087805470       0x44 common/built-in.o
                0x0000000087805470                parse_file_outer
 .text.u_boot_hush_start
                0x00000000878054b4       0x54 common/built-in.o
                0x00000000878054b4                u_boot_hush_start
 .text.bootdelay_process
                0x0000000087805508       0xd0 common/built-in.o
                0x0000000087805508                bootdelay_process
 .text.autoboot_command
                0x00000000878055d8       0xd0 common/built-in.o
                0x00000000878055d8                autoboot_command
 .text.setup_mon_len
                0x00000000878056a8       0x20 common/built-in.o
 .text.reserve_round_4k
                0x00000000878056c8       0x18 common/built-in.o
 .text.reserve_mmu
                0x00000000878056e0       0x38 common/built-in.o
 .text.reserve_uboot
                0x0000000087805718       0x30 common/built-in.o
 .text.reserve_malloc
                0x0000000087805748       0x18 common/built-in.o
 .text.reserve_global_data
                0x0000000087805760       0x1c common/built-in.o
 .text.reserve_fdt
                0x000000008780577c       0x4c common/built-in.o
 .text.display_new_sp
                0x00000000878057c8        0x8 common/built-in.o
 .text.initf_malloc
                0x00000000878057d0       0x1c common/built-in.o
 .text.reserve_arch
                0x00000000878057ec        0x8 common/built-in.o
                0x00000000878057ec                reserve_arch
 .text.setup_reloc
                0x00000000878057f4       0x2c common/built-in.o
 .text.reloc_fdt
                0x0000000087805820       0x38 common/built-in.o
 .text.announce_dram_init
                0x0000000087805858       0x18 common/built-in.o
 .text.init_func_i2c
                0x0000000087805870       0x28 common/built-in.o
 .text.init_baud_rate
                0x0000000087805898       0x2c common/built-in.o
 .text.initf_dm
                0x00000000878058c4        0x8 common/built-in.o
 .text.mark_bootstage
                0x00000000878058cc       0x14 common/built-in.o
 .text.reserve_board
                0x00000000878058e0       0x40 common/built-in.o
 .text.display_text_info
                0x0000000087805920        0x8 common/built-in.o
 .text.setup_fdt
                0x0000000087805928        0x8 common/built-in.o
 .text.reserve_trace
                0x0000000087805930        0x8 common/built-in.o
 .text.setup_machine
                0x0000000087805938        0x8 common/built-in.o
 .text.coloured_LED_init
                0x0000000087805940        0x4 common/built-in.o
                0x0000000087805940                coloured_LED_init
 .text.red_led_on
                0x0000000087805944        0x4 common/built-in.o
                0x0000000087805944                red_led_on
 .text.board_add_ram_info
                0x0000000087805948        0x4 common/built-in.o
                0x0000000087805948                board_add_ram_info
 .text.show_dram_config
                0x000000008780594c       0x38 common/built-in.o
 .text.dram_init_banksize
                0x0000000087805984       0x20 common/built-in.o
                0x0000000087805984                dram_init_banksize
 .text.setup_dram_config
                0x00000000878059a4       0x10 common/built-in.o
 .text.board_get_usable_ram_top
                0x00000000878059b4       0x14 common/built-in.o
                0x00000000878059b4                board_get_usable_ram_top
 .text.setup_dest_addr
                0x00000000878059c8       0x3c common/built-in.o
 .text.reserve_stacks
                0x0000000087805a04       0x1c common/built-in.o
 .text.board_init_f
                0x0000000087805a20       0x28 common/built-in.o
                0x0000000087805a20                board_init_f
 .text.bootstage_relocate
                0x0000000087805a48        0x8 common/built-in.o
 .text.initr_reloc_global_data
                0x0000000087805a50       0x28 common/built-in.o
 .text.power_init_board
                0x0000000087805a78        0x8 common/built-in.o
                0x0000000087805a78                power_init_board
 .text.initr_announce
                0x0000000087805a80        0x8 common/built-in.o
 .text.run_main_loop
                0x0000000087805a88        0xc common/built-in.o
 .text.initr_net
                0x0000000087805a94       0x20 common/built-in.o
 .text.initr_ethaddr
                0x0000000087805ab4       0x20 common/built-in.o
 .text.initr_enable_interrupts
                0x0000000087805ad4       0x10 common/built-in.o
 .text.initr_jumptable
                0x0000000087805ae4       0x10 common/built-in.o
 .text.initr_env
                0x0000000087805af4       0x30 common/built-in.o
 .text.initr_mmc
                0x0000000087805b24       0x20 common/built-in.o
 .text.initr_serial
                0x0000000087805b44       0x10 common/built-in.o
 .text.initr_dm
                0x0000000087805b54       0x14 common/built-in.o
 .text.initr_malloc
                0x0000000087805b68       0x24 common/built-in.o
 .text.initr_caches
                0x0000000087805b8c       0x10 common/built-in.o
 .text.initr_reloc
                0x0000000087805b9c       0x24 common/built-in.o
 .text.initr_barrier
                0x0000000087805bc0        0x8 common/built-in.o
 .text.initr_trace
                0x0000000087805bc8        0x8 common/built-in.o
 .text.cpu_secondary_init_r
                0x0000000087805bd0        0x4 common/built-in.o
                0x0000000087805bd0                cpu_secondary_init_r
 .text.initr_secondary_cpu
                0x0000000087805bd4       0x10 common/built-in.o
 .text.board_init_r
                0x0000000087805be4       0x14 common/built-in.o
                0x0000000087805be4                board_init_r
 .text.show_board_info
                0x0000000087805bf8        0x4 common/built-in.o
                0x0000000087805bf8                show_board_info
 .text.do_go_exec
                0x0000000087805bfc       0x10 common/built-in.o
                0x0000000087805bfc                do_go_exec
 .text.do_go    0x0000000087805c0c       0x6c common/built-in.o
 .text.do_bootm
                0x0000000087805c78      0x10c common/built-in.o
                0x0000000087805c78                do_bootm
 .text.do_bootd
                0x0000000087805d84       0x20 common/built-in.o
                0x0000000087805d84                do_bootd
 .text.image_info
                0x0000000087805da4       0xcc common/built-in.o
 .text.do_iminfo
                0x0000000087805e70       0x5c common/built-in.o
 .text.bootm_maybe_autostart
                0x0000000087805ecc       0x78 common/built-in.o
                0x0000000087805ecc                bootm_maybe_autostart
 .text.do_bootz
                0x0000000087805f44       0xf8 common/built-in.o
                0x0000000087805f44                do_bootz
 .text.bootm_find_ramdisk_fdt
                0x000000008780603c       0xa8 common/built-in.o
                0x000000008780603c                bootm_find_ramdisk_fdt
 .text.bootm_decomp_image
                0x00000000878060e4      0x14c common/built-in.o
                0x00000000878060e4                bootm_decomp_image
 .text.bootm_disable_interrupts
                0x0000000087806230       0x18 common/built-in.o
                0x0000000087806230                bootm_disable_interrupts
 .text.do_bootm_states
                0x0000000087806248      0x740 common/built-in.o
                0x0000000087806248                do_bootm_states
 .text.do_bootm_standalone
                0x0000000087806988       0x64 common/built-in.o
 .text.do_bootvx_fdt
                0x00000000878069ec      0x10c common/built-in.o
                0x00000000878069ec                do_bootvx_fdt
 .text.do_bootm_vxworks
                0x0000000087806af8       0x24 common/built-in.o
 .text.boot_selected_os
                0x0000000087806b1c       0x58 common/built-in.o
                0x0000000087806b1c                boot_selected_os
 .text.bootm_os_get_boot_func
                0x0000000087806b74       0x10 common/built-in.o
                0x0000000087806b74                bootm_os_get_boot_func
 .text.do_help  0x0000000087806b84       0x44 common/built-in.o
 .text.do_version
                0x0000000087806bc8       0x38 common/built-in.o
 .text.env_attr_walk
                0x0000000087806c00      0x120 common/built-in.o
                0x0000000087806c00                env_attr_walk
 .text.env_attr_lookup
                0x0000000087806d20      0x19c common/built-in.o
                0x0000000087806d20                env_attr_lookup
 .text.clear_callback
                0x0000000087806ebc       0x10 common/built-in.o
 .text.find_env_callback
                0x0000000087806ecc       0x64 common/built-in.o
 .text.on_callbacks
                0x0000000087806f30       0x48 common/built-in.o
 .text.set_callback
                0x0000000087806f78       0x9c common/built-in.o
 .text.env_callback_init
                0x0000000087807014       0xc4 common/built-in.o
                0x0000000087807014                env_callback_init
 .text.skip_num
                0x00000000878070d8       0x78 common/built-in.o
 .text.clear_flags
                0x0000000087807150       0x10 common/built-in.o
 .text.on_flags
                0x0000000087807160       0x48 common/built-in.o
 .text.env_flags_parse_vartype
                0x00000000878071a8       0x50 common/built-in.o
                0x00000000878071a8                env_flags_parse_vartype
 .text.env_flags_parse_varaccess
                0x00000000878071f8       0x58 common/built-in.o
                0x00000000878071f8                env_flags_parse_varaccess
 .text.set_flags
                0x0000000087807250       0xb4 common/built-in.o
 .text.env_flags_init
                0x0000000087807304       0xd8 common/built-in.o
                0x0000000087807304                env_flags_init
 .text.env_flags_validate
                0x00000000878073dc      0x318 common/built-in.o
                0x00000000878073dc                env_flags_validate
 .text.mmc_get_env_addr
                0x00000000878076f4       0x10 common/built-in.o
                0x00000000878076f4                mmc_get_env_addr
 .text.env_init
                0x0000000087807704       0x1c common/built-in.o
                0x0000000087807704                env_init
 .text.mmc_get_env_part
                0x0000000087807720        0x8 common/built-in.o
                0x0000000087807720                mmc_get_env_part
 .text.init_mmc_for_env
                0x0000000087807728       0x78 common/built-in.o
 .text.fini_mmc_for_env
                0x00000000878077a0       0x30 common/built-in.o
 .text.saveenv  0x00000000878077d0      0x10c common/built-in.o
                0x00000000878077d0                saveenv
 .text.env_relocate_spec
                0x00000000878078dc       0xe4 common/built-in.o
                0x00000000878078dc                env_relocate_spec
 .text.source   0x00000000878079c0       0xd8 common/built-in.o
                0x00000000878079c0                source
 .text.do_source
                0x0000000087807a98       0x48 common/built-in.o
 .text.print_num
                0x0000000087807ae0       0x14 common/built-in.o
 .text.do_bdinfo
                0x0000000087807af4      0x190 common/built-in.o
 .text.do_bmp   0x0000000087807c84       0x58 common/built-in.o
 .text.do_bmp_info
                0x0000000087807cdc       0xfc common/built-in.o
 .text.bmp_display
                0x0000000087807dd8       0x38 common/built-in.o
                0x0000000087807dd8                bmp_display
 .text.do_bmp_display
                0x0000000087807e10       0xbc common/built-in.o
 .text.parse_argv
                0x0000000087807ecc       0x64 common/built-in.o
 .text.do_icache
                0x0000000087807f30       0x88 common/built-in.o
 .text.do_dcache
                0x0000000087807fb8       0x88 common/built-in.o
 .text.do_coninfo
                0x0000000087808040       0xc0 common/built-in.o
 .text.do_echo  0x0000000087808100       0xb0 common/built-in.o
 .text.do_exit  0x00000000878081b0       0x3c common/built-in.o
 .text.do_fat_size
                0x00000000878081ec       0x18 common/built-in.o
                0x00000000878081ec                do_fat_size
 .text.do_fat_fsload
                0x0000000087808204       0x18 common/built-in.o
                0x0000000087808204                do_fat_fsload
 .text.do_fat_ls
                0x000000008780821c       0x18 common/built-in.o
 .text.do_fat_fsinfo
                0x0000000087808234       0x90 common/built-in.o
 .text.fdt_valid
                0x00000000878082c4       0xbc common/built-in.o
 .text.is_printable_string
                0x0000000087808380       0x9c common/built-in.o
 .text.print_data
                0x000000008780841c      0x174 common/built-in.o
 .text.set_working_fdt_addr
                0x0000000087808590       0x1c common/built-in.o
                0x0000000087808590                set_working_fdt_addr
 .text.do_fdt   0x00000000878085ac      0xea0 common/built-in.o
 .text.fdt_find_and_setprop
                0x000000008780944c       0x70 common/built-in.o
                0x000000008780944c                fdt_find_and_setprop
 .text.fdt_find_or_add_subnode
                0x00000000878094bc       0x60 common/built-in.o
                0x00000000878094bc                fdt_find_or_add_subnode
 .text.fdt_initrd
                0x000000008780951c      0x1cc common/built-in.o
                0x000000008780951c                fdt_initrd
 .text.fdt_chosen
                0x00000000878096e8       0xa8 common/built-in.o
                0x00000000878096e8                fdt_chosen
 .text.do_fixup_by_path
                0x0000000087809790       0x54 common/built-in.o
                0x0000000087809790                do_fixup_by_path
 .text.fdt_fixup_memory_banks
                0x00000000878097e4      0x1a4 common/built-in.o
                0x00000000878097e4                fdt_fixup_memory_banks
 .text.fdt_fixup_memory
                0x0000000087809988       0x20 common/built-in.o
                0x0000000087809988                fdt_fixup_memory
 .text.fdt_fixup_ethernet
                0x00000000878099a8      0x15c common/built-in.o
                0x00000000878099a8                fdt_fixup_ethernet
 .text.fdt_shrink_to_minimum
                0x0000000087809b04       0xcc common/built-in.o
                0x0000000087809b04                fdt_shrink_to_minimum
 .text.fdt_increase_size
                0x0000000087809bd0       0x14 common/built-in.o
                0x0000000087809bd0                fdt_increase_size
 .text.do_flerase
                0x0000000087809be4        0x8 common/built-in.o
 .text.do_protect
                0x0000000087809bec       0x10 common/built-in.o
 .text.do_flinfo
                0x0000000087809bfc        0x8 common/built-in.o
 .text.strtou32
                0x0000000087809c04       0x44 common/built-in.o
 .text.do_fuse  0x0000000087809c48      0x360 common/built-in.o
 .text.do_i2c   0x0000000087809fa8       0x68 common/built-in.o
 .text.do_i2c_reset
                0x000000008780a010       0x2c common/built-in.o
 .text.do_i2c_probe
                0x000000008780a03c       0x9c common/built-in.o
 .text.do_i2c_bus_speed
                0x000000008780a0d8       0x74 common/built-in.o
 .text.do_i2c_show_bus
                0x000000008780a14c       0xd0 common/built-in.o
 .text.do_i2c_bus_num
                0x000000008780a21c       0xb4 common/built-in.o
 .text.get_alen.constprop.7
                0x000000008780a2d0       0x3c common/built-in.o
 .text.do_i2c_crc
                0x000000008780a30c      0x120 common/built-in.o
 .text.mod_i2c_mem.isra.4
                0x000000008780a42c      0x1f0 common/built-in.o
 .text.do_i2c_nm
                0x000000008780a61c        0x8 common/built-in.o
 .text.do_i2c_mm
                0x000000008780a624        0x8 common/built-in.o
 .text.do_i2c_md
                0x000000008780a62c      0x1e4 common/built-in.o
 .text.do_i2c_read
                0x000000008780a810       0xbc common/built-in.o
 .text.do_i2c_mw
                0x000000008780a8cc       0xfc common/built-in.o
 .text.do_i2c_write
                0x000000008780a9c8      0x14c common/built-in.o
 .text.do_i2c_loop
                0x000000008780ab14       0xe4 common/built-in.o
 .text.i2c_init_board
                0x000000008780abf8        0x4 common/built-in.o
                0x000000008780abf8                i2c_init_board
 .text.evalexp  0x000000008780abfc       0x74 common/built-in.o
 .text.evalstr  0x000000008780ac70       0x6c common/built-in.o
 .text.binary_test
                0x000000008780acdc      0x1c0 common/built-in.o
 .text.do_itest
                0x000000008780ae9c       0x88 common/built-in.o
 .text.bin_data_init
                0x000000008780af24       0x2c common/built-in.o
 .text.k_data_save
                0x000000008780af50       0x4c common/built-in.o
 .text.k_data_restore
                0x000000008780af9c       0x4c common/built-in.o
 .text.getcxmodem
                0x000000008780afe8       0x20 common/built-in.o
 .text.load_serial_ymodem
                0x000000008780b008       0xcc common/built-in.o
 .text.bin_data_char
                0x000000008780b0d4       0x2c common/built-in.o
 .text.chk1.constprop.1
                0x000000008780b100       0x2c common/built-in.o
 .text.s1_sendpacket.constprop.2
                0x000000008780b12c       0x50 common/built-in.o
 .text.load_serial
                0x000000008780b17c      0x1f0 common/built-in.o
 .text.do_load_serial
                0x000000008780b36c       0xdc common/built-in.o
 .text.do_load_serial_bin
                0x000000008780b448      0x7a8 common/built-in.o
 .text.do_mem_mw
                0x000000008780bbf0       0xc0 common/built-in.o
 .text.do_mem_loop
                0x000000008780bcb0       0xec common/built-in.o
 .text.do_mem_md
                0x000000008780bd9c       0xe4 common/built-in.o
 .text.do_mem_cmp
                0x000000008780be80      0x168 common/built-in.o
 .text.do_mem_base
                0x000000008780bfe8       0x40 common/built-in.o
 .text.do_mem_cp
                0x000000008780c028       0xd8 common/built-in.o
 .text.do_mem_crc
                0x000000008780c100       0x48 common/built-in.o
 .text.do_mem_mtest
                0x000000008780c148      0x200 common/built-in.o
 .text.mod_mem.isra.0
                0x000000008780c348      0x16c common/built-in.o
 .text.do_mem_mm
                0x000000008780c4b4        0x8 common/built-in.o
 .text.do_mem_nm
                0x000000008780c4bc        0x8 common/built-in.o
 .text.miiphy_get_dev_by_name
                0x000000008780c4c4       0x60 common/built-in.o
                0x000000008780c4c4                miiphy_get_dev_by_name
 .text.miiphy_init
                0x000000008780c524       0x24 common/built-in.o
                0x000000008780c524                miiphy_init
 .text.mdio_alloc
                0x000000008780c548       0x30 common/built-in.o
                0x000000008780c548                mdio_alloc
 .text.mdio_register
                0x000000008780c578       0x94 common/built-in.o
                0x000000008780c578                mdio_register
 .text.mdio_list_devices
                0x000000008780c60c       0x98 common/built-in.o
                0x000000008780c60c                mdio_list_devices
 .text.miiphy_set_current_dev
                0x000000008780c6a4       0x40 common/built-in.o
                0x000000008780c6a4                miiphy_set_current_dev
 .text.miiphy_get_active_dev
                0x000000008780c6e4       0x54 common/built-in.o
 .text.mdio_get_current_dev
                0x000000008780c738       0x10 common/built-in.o
                0x000000008780c738                mdio_get_current_dev
 .text.mdio_phydev_for_ethname
                0x000000008780c748       0x88 common/built-in.o
                0x000000008780c748                mdio_phydev_for_ethname
 .text.miiphy_get_current_dev
                0x000000008780c7d0       0x18 common/built-in.o
                0x000000008780c7d0                miiphy_get_current_dev
 .text.miiphy_read
                0x000000008780c7e8       0x4c common/built-in.o
                0x000000008780c7e8                miiphy_read
 .text.miiphy_write
                0x000000008780c834       0x40 common/built-in.o
                0x000000008780c834                miiphy_write
 .text.miiphy_listdev
                0x000000008780c874       0x74 common/built-in.o
                0x000000008780c874                miiphy_listdev
 .text.miiphy_info
                0x000000008780c8e8       0x88 common/built-in.o
                0x000000008780c8e8                miiphy_info
 .text.miiphy_speed
                0x000000008780c970       0x94 common/built-in.o
                0x000000008780c970                miiphy_speed
 .text.miiphy_duplex
                0x000000008780ca04       0x94 common/built-in.o
                0x000000008780ca04                miiphy_duplex
 .text.miiphy_is_1000base_x
                0x000000008780ca98        0x8 common/built-in.o
                0x000000008780ca98                miiphy_is_1000base_x
 .text.extract_range
                0x000000008780caa0       0xe4 common/built-in.o
 .text.do_mii   0x000000008780cb84      0x7c0 common/built-in.o
 .text.do_mdio  0x000000008780d344      0x4ec common/built-in.o
 .text.do_sleep
                0x000000008780d830       0x70 common/built-in.o
 .text.do_mmcops
                0x000000008780d8a0       0xb8 common/built-in.o
 .text.init_mmc_device
                0x000000008780d958       0x54 common/built-in.o
 .text.do_mmc_rescan
                0x000000008780d9ac       0x24 common/built-in.o
 .text.do_mmc_rst_func
                0x000000008780d9d0       0xa0 common/built-in.o
 .text.do_mmc_partconf
                0x000000008780da70       0xb4 common/built-in.o
 .text.do_mmc_boot_resize
                0x000000008780db24       0xcc common/built-in.o
 .text.do_mmc_bootbus
                0x000000008780dbf0       0xb4 common/built-in.o
 .text.do_mmc_hwpartition
                0x000000008780dca4      0x510 common/built-in.o
 .text.do_mmc_list
                0x000000008780e1b4       0x14 common/built-in.o
 .text.do_mmc_dev
                0x000000008780e1c8      0x134 common/built-in.o
 .text.do_mmc_part
                0x000000008780e2fc       0x5c common/built-in.o
 .text.do_mmc_erase
                0x000000008780e358       0xe8 common/built-in.o
 .text.do_mmc_write
                0x000000008780e440      0x100 common/built-in.o
 .text.do_mmc_read
                0x000000008780e540       0xec common/built-in.o
 .text.do_mmcinfo
                0x000000008780e62c      0x370 common/built-in.o
 .text.do_mmc_setdsr
                0x000000008780e99c       0xb0 common/built-in.o
 .text.netboot_common
                0x000000008780ea4c      0x294 common/built-in.o
 .text.do_bootp
                0x000000008780ece0        0xc common/built-in.o
 .text.do_dhcp  0x000000008780ecec        0xc common/built-in.o
 .text.do_nfs   0x000000008780ecf8        0xc common/built-in.o
 .text.do_tftpb
                0x000000008780ed04       0x40 common/built-in.o
                0x000000008780ed04                do_tftpb
 .text.do_ping  0x000000008780ed44       0x78 common/built-in.o
 .text.bytes_per_second
                0x000000008780edbc       0x50 common/built-in.o
 .text.do_spi_flash
                0x000000008780ee0c      0x744 common/built-in.o
 .text.do_false
                0x000000008780f550        0x8 common/built-in.o
 .text.do_true  0x000000008780f558        0x8 common/built-in.o
 .text.do_test  0x000000008780f560      0x338 common/built-in.o
 .text.usb_get_class_desc
                0x000000008780f898       0xbc common/built-in.o
 .text.usb_display_class_sub
                0x000000008780f954      0x170 common/built-in.o
 .text.usb_find_device
                0x000000008780fac4       0x3c common/built-in.o
 .text.usb_show_tree_graph
                0x000000008780fb00      0x21c common/built-in.o
 .text.usb_display_string
                0x000000008780fd1c       0x44 common/built-in.o
 .text.usb_display_config
                0x000000008780fd60      0x20c common/built-in.o
 .text.do_usbboot
                0x000000008780ff6c        0xc common/built-in.o
 .text.do_usb_start
                0x000000008780ff78       0x38 common/built-in.o
 .text.usb_display_desc.part.2
                0x000000008780ffb0      0x12c common/built-in.o
 .text.do_usb   0x00000000878100dc      0x78c common/built-in.o
 .text.usb_set_maxpacket_ep
                0x0000000087810868       0x70 common/built-in.o
 .text.usb_stop
                0x00000000878108d8       0x80 common/built-in.o
                0x00000000878108d8                usb_stop
 .text.usb_disable_asynch
                0x0000000087810958       0x20 common/built-in.o
                0x0000000087810958                usb_disable_asynch
 .text.usb_control_msg
                0x0000000087810978       0xc0 common/built-in.o
                0x0000000087810978                usb_control_msg
 .text.usb_get_descriptor
                0x0000000087810a38       0x58 common/built-in.o
 .text.usb_get_string
                0x0000000087810a90       0x70 common/built-in.o
 .text.usb_string_sub
                0x0000000087810b00      0x108 common/built-in.o
 .text.usb_bulk_msg
                0x0000000087810c08       0x74 common/built-in.o
                0x0000000087810c08                usb_bulk_msg
 .text.usb_maxpacket
                0x0000000087810c7c       0x1c common/built-in.o
                0x0000000087810c7c                usb_maxpacket
 .text.usb_clear_halt
                0x0000000087810c98       0x90 common/built-in.o
                0x0000000087810c98                usb_clear_halt
 .text.usb_get_configuration_no
                0x0000000087810d28       0xbc common/built-in.o
                0x0000000087810d28                usb_get_configuration_no
 .text.usb_set_interface
                0x0000000087810de4       0xa8 common/built-in.o
                0x0000000087810de4                usb_set_interface
 .text.usb_string
                0x0000000087810e8c      0x100 common/built-in.o
                0x0000000087810e8c                usb_string
 .text.usb_get_dev_index
                0x0000000087810f8c       0x24 common/built-in.o
                0x0000000087810f8c                usb_get_dev_index
 .text.usb_alloc_new_device
                0x0000000087810fb0       0x94 common/built-in.o
                0x0000000087810fb0                usb_alloc_new_device
 .text.usb_free_device
                0x0000000087811044       0x48 common/built-in.o
                0x0000000087811044                usb_free_device
 .text.usb_alloc_device
                0x000000008781108c        0x8 common/built-in.o
                0x000000008781108c                usb_alloc_device
 .text.usb_new_device
                0x0000000087811094      0x5d0 common/built-in.o
                0x0000000087811094                usb_new_device
 .text.usb_init
                0x0000000087811664      0x154 common/built-in.o
                0x0000000087811664                usb_init
 .text.usb_set_port_feature
                0x00000000878117b8       0x4c common/built-in.o
 .text.usb_hub_power_on
                0x0000000087811804       0x44 common/built-in.o
 .text.usb_get_port_status
                0x0000000087811848       0x4c common/built-in.o
 .text.usb_clear_port_feature
                0x0000000087811894       0x4c common/built-in.o
 .text.usb_get_hub_descriptor
                0x00000000878118e0       0x4c common/built-in.o
 .text.usb_hub_reset_devices
                0x000000008781192c        0x4 common/built-in.o
                0x000000008781192c                usb_hub_reset_devices
 .text.usb_hub_reset
                0x0000000087811930       0x14 common/built-in.o
                0x0000000087811930                usb_hub_reset
 .text.hub_port_reset
                0x0000000087811944       0x98 common/built-in.o
                0x0000000087811944                hub_port_reset
 .text.usb_hub_port_connect_change
                0x00000000878119dc      0x120 common/built-in.o
                0x00000000878119dc                usb_hub_port_connect_change
 .text.usb_hub_configure
                0x0000000087811afc      0x2dc common/built-in.o
 .text.usb_hub_probe
                0x0000000087811dd8       0x58 common/built-in.o
                0x0000000087811dd8                usb_hub_probe
 .text.usb_stor_irq
                0x0000000087811e30       0x1c common/built-in.o
 .text.usb_stor_BBB_reset
                0x0000000087811e4c       0xd0 common/built-in.o
 .text.usb_stor_CB_reset
                0x0000000087811f1c       0xd0 common/built-in.o
 .text.usb_stor_BBB_clear_endpt_stall.isra.2
                0x0000000087811fec       0x40 common/built-in.o
 .text.usb_stor_BBB_transport
                0x000000008781202c      0x264 common/built-in.o
 .text.usb_stor_CB_comdat
                0x0000000087812290      0x20c common/built-in.o
 .text.usb_stor_CBI_get_status.isra.4
                0x000000008781249c       0xc8 common/built-in.o
 .text.usb_stor_CB_transport
                0x0000000087812564      0x228 common/built-in.o
 .text.usb_request_sense.constprop.10
                0x000000008781278c       0x70 common/built-in.o
 .text.usb_stor_write
                0x00000000878127fc      0x1c4 common/built-in.o
                0x00000000878127fc                usb_stor_write
 .text.usb_stor_read
                0x00000000878129c0      0x1c4 common/built-in.o
                0x00000000878129c0                usb_stor_read
 .text.usb_stor_get_dev
                0x0000000087812b84       0x28 common/built-in.o
                0x0000000087812b84                usb_stor_get_dev
 .text.usb_stor_info
                0x0000000087812bac       0x74 common/built-in.o
                0x0000000087812bac                usb_stor_info
 .text.usb_storage_probe
                0x0000000087812c20      0x204 common/built-in.o
                0x0000000087812c20                usb_storage_probe
 .text.usb_stor_get_info
                0x0000000087812e24      0x324 common/built-in.o
                0x0000000087812e24                usb_stor_get_info
 .text.usb_stor_scan
                0x0000000087813148      0x1e0 common/built-in.o
                0x0000000087813148                usb_stor_scan
 .text.do_imgextract
                0x0000000087813328      0x28c common/built-in.o
 .text.splash_screen_prepare
                0x00000000878135b4        0x8 common/built-in.o
                0x00000000878135b4                splash_screen_prepare
 .text.splash_get_pos
                0x00000000878135bc       0x88 common/built-in.o
                0x00000000878135bc                splash_get_pos
 .text.do_env_delete
                0x0000000087813644       0x9c common/built-in.o
 .text.do_env_exists
                0x00000000878136e0       0x6c common/built-in.o
 .text.do_env_save
                0x000000008781374c       0x2c common/built-in.o
 .text.do_env   0x0000000087813778       0x68 common/built-in.o
 .text.env_print
                0x00000000878137e0       0xc8 common/built-in.o
 .text.do_env_print
                0x00000000878138a8       0xc4 common/built-in.o
 .text.do_env_default
                0x000000008781396c       0xa8 common/built-in.o
 .text._do_env_set.isra.0
                0x0000000087813a14      0x1c4 common/built-in.o
 .text.do_env_set
                0x0000000087813bd8       0x1c common/built-in.o
 .text.get_env_id
                0x0000000087813bf4       0x10 common/built-in.o
                0x0000000087813bf4                get_env_id
 .text.setenv   0x0000000087813c04       0x5c common/built-in.o
                0x0000000087813c04                setenv
 .text.setenv_ulong
                0x0000000087813c60       0x20 common/built-in.o
                0x0000000087813c60                setenv_ulong
 .text.setenv_hex
                0x0000000087813c80       0x34 common/built-in.o
                0x0000000087813c80                setenv_hex
 .text.envmatch
                0x0000000087813cb4       0x6c common/built-in.o
                0x0000000087813cb4                envmatch
 .text.getenv_f
                0x0000000087813d20       0xc0 common/built-in.o
                0x0000000087813d20                getenv_f
 .text.getenv   0x0000000087813de0       0x80 common/built-in.o
                0x0000000087813de0                getenv
 .text.getenv_hex
                0x0000000087813e60       0x3c common/built-in.o
                0x0000000087813e60                getenv_hex
 .text.getenv_ulong
                0x0000000087813e9c       0x30 common/built-in.o
                0x0000000087813e9c                getenv_ulong
 .text.do_env_edit
                0x0000000087813ecc       0x7c common/built-in.o
 .text.env_get_char_spec
                0x0000000087813f48        0xc common/built-in.o
                0x0000000087813f48                env_get_char_spec
 .text.env_get_addr
                0x0000000087813f54       0x20 common/built-in.o
                0x0000000087813f54                env_get_addr
 .text.env_get_char_memory
                0x0000000087813f74       0x10 common/built-in.o
                0x0000000087813f74                env_get_char_memory
 .text.env_get_char
                0x0000000087813f84       0x30 common/built-in.o
                0x0000000087813f84                env_get_char
 .text.getenv_yesno
                0x0000000087813fb4       0x40 common/built-in.o
                0x0000000087813fb4                getenv_yesno
 .text.getenv_default
                0x0000000087813ff4       0x30 common/built-in.o
                0x0000000087813ff4                getenv_default
 .text.set_default_env
                0x0000000087814024       0xc0 common/built-in.o
                0x0000000087814024                set_default_env
 .text.set_default_vars
                0x00000000878140e4       0x38 common/built-in.o
                0x00000000878140e4                set_default_vars
 .text.env_import
                0x000000008781411c       0xdc common/built-in.o
                0x000000008781411c                env_import
 .text.env_export
                0x00000000878141f8       0xa0 common/built-in.o
                0x00000000878141f8                env_export
 .text.env_relocate
                0x0000000087814298       0x2c common/built-in.o
                0x0000000087814298                env_relocate
 .text.env_complete
                0x00000000878142c4       0xf0 common/built-in.o
                0x00000000878142c4                env_complete
 .text.console_setfile
                0x00000000878143b4       0xc0 common/built-in.o
 .text.serial_printf
                0x0000000087814474       0x50 common/built-in.o
                0x0000000087814474                serial_printf
 .text.putc     0x00000000878144c4       0x34 common/built-in.o
                0x00000000878144c4                putc
 .text.puts     0x00000000878144f8       0x34 common/built-in.o
                0x00000000878144f8                puts
 .text.printf   0x000000008781452c       0x5c common/built-in.o
                0x000000008781452c                printf
 .text.fgetc    0x0000000087814588       0x24 common/built-in.o
                0x0000000087814588                fgetc
 .text.getc     0x00000000878145ac       0x24 common/built-in.o
                0x00000000878145ac                getc
 .text.ftstc    0x00000000878145d0       0x24 common/built-in.o
                0x00000000878145d0                ftstc
 .text.tstc     0x00000000878145f4       0x24 common/built-in.o
                0x00000000878145f4                tstc
 .text.vprintf  0x0000000087814618       0x3c common/built-in.o
                0x0000000087814618                vprintf
 .text.ctrlc    0x0000000087814654       0x58 common/built-in.o
                0x0000000087814654                ctrlc
 .text.confirm_yesno
                0x00000000878146ac       0xd4 common/built-in.o
                0x00000000878146ac                confirm_yesno
 .text.had_ctrlc
                0x0000000087814780       0x10 common/built-in.o
                0x0000000087814780                had_ctrlc
 .text.clear_ctrlc
                0x0000000087814790       0x14 common/built-in.o
                0x0000000087814790                clear_ctrlc
 .text.search_device
                0x00000000878147a4       0x28 common/built-in.o
                0x00000000878147a4                search_device
 .text.console_assign
                0x00000000878147cc       0x48 common/built-in.o
                0x00000000878147cc                console_assign
 .text.on_console
                0x0000000087814814       0xb8 common/built-in.o
 .text.console_init_f
                0x00000000878148cc       0x10 common/built-in.o
                0x00000000878148cc                console_init_f
 .text.stdio_print_current_devices
                0x00000000878148dc       0xb0 common/built-in.o
                0x00000000878148dc                stdio_print_current_devices
 .text.console_init_r
                0x000000008781498c      0x180 common/built-in.o
                0x000000008781498c                console_init_r
 .text.sbrk     0x0000000087814b0c       0x6c common/built-in.o
                0x0000000087814b0c                sbrk
 .text.mem_malloc_init
                0x0000000087814b78       0x34 common/built-in.o
                0x0000000087814b78                mem_malloc_init
 .text.malloc_trim
                0x0000000087814bac       0xcc common/built-in.o
                0x0000000087814bac                malloc_trim
 .text.free     0x0000000087814c78      0x24c common/built-in.o
                0x0000000087814c78                free
 .text.malloc   0x0000000087814ec4      0x638 common/built-in.o
                0x0000000087814ec4                malloc
 .text.calloc   0x00000000878154fc      0x144 common/built-in.o
                0x00000000878154fc                calloc
 .text.realloc  0x0000000087815640      0x4d0 common/built-in.o
                0x0000000087815640                realloc
 .text.memalign
                0x0000000087815b10      0x10c common/built-in.o
                0x0000000087815b10                memalign
 .text.malloc_simple
                0x0000000087815c1c       0x30 common/built-in.o
                0x0000000087815c1c                malloc_simple
 .text.on_loadaddr
                0x0000000087815c4c       0x38 common/built-in.o
 .text.image_check_hcrc
                0x0000000087815c84       0x4c common/built-in.o
                0x0000000087815c84                image_check_hcrc
 .text.image_check_dcrc
                0x0000000087815cd0       0x38 common/built-in.o
                0x0000000087815cd0                image_check_dcrc
 .text.image_multi_count
                0x0000000087815d08       0x1c common/built-in.o
                0x0000000087815d08                image_multi_count
 .text.image_multi_getimg
                0x0000000087815d24       0x80 common/built-in.o
                0x0000000087815d24                image_multi_getimg
 .text.getenv_bootm_low
                0x0000000087815da4       0x30 common/built-in.o
                0x0000000087815da4                getenv_bootm_low
 .text.getenv_bootm_size
                0x0000000087815dd4       0x5c common/built-in.o
                0x0000000087815dd4                getenv_bootm_size
 .text.getenv_bootm_mapsize
                0x0000000087815e30       0x30 common/built-in.o
                0x0000000087815e30                getenv_bootm_mapsize
 .text.memmove_wd
                0x0000000087815e60        0xc common/built-in.o
                0x0000000087815e60                memmove_wd
 .text.genimg_print_size
                0x0000000087815e6c       0x30 common/built-in.o
                0x0000000087815e6c                genimg_print_size
 .text.get_table_entry_name
                0x0000000087815e9c       0x2c common/built-in.o
                0x0000000087815e9c                get_table_entry_name
 .text.genimg_get_os_name
                0x0000000087815ec8       0x18 common/built-in.o
                0x0000000087815ec8                genimg_get_os_name
 .text.genimg_get_arch_name
                0x0000000087815ee0       0x18 common/built-in.o
                0x0000000087815ee0                genimg_get_arch_name
 .text.genimg_get_type_name
                0x0000000087815ef8       0x18 common/built-in.o
                0x0000000087815ef8                genimg_get_type_name
 .text.genimg_get_comp_name
                0x0000000087815f10       0x18 common/built-in.o
                0x0000000087815f10                genimg_get_comp_name
 .text.image_print_contents
                0x0000000087815f28      0x178 common/built-in.o
                0x0000000087815f28                image_print_contents
 .text.genimg_get_kernel_addr_fit
                0x00000000878160a0       0x24 common/built-in.o
                0x00000000878160a0                genimg_get_kernel_addr_fit
 .text.genimg_get_format
                0x00000000878160c4       0x34 common/built-in.o
                0x00000000878160c4                genimg_get_format
 .text.genimg_get_image
                0x00000000878160f8        0x4 common/built-in.o
                0x00000000878160f8                genimg_get_image
 .text.genimg_has_config
                0x00000000878160fc        0x8 common/built-in.o
                0x00000000878160fc                genimg_has_config
 .text.boot_get_ramdisk
                0x0000000087816104      0x238 common/built-in.o
                0x0000000087816104                boot_get_ramdisk
 .text.boot_ramdisk_high
                0x000000008781633c      0x130 common/built-in.o
                0x000000008781633c                boot_ramdisk_high
 .text.boot_get_setup
                0x000000008781646c        0x8 common/built-in.o
                0x000000008781646c                boot_get_setup
 .text.image_setup_linux
                0x0000000087816474       0x8c common/built-in.o
                0x0000000087816474                image_setup_linux
 .text.fdt_error
                0x0000000087816500       0x2c common/built-in.o
 .text.boot_fdt_add_mem_rsv_regions
                0x000000008781652c       0x88 common/built-in.o
                0x000000008781652c                boot_fdt_add_mem_rsv_regions
 .text.boot_relocate_fdt
                0x00000000878165b4      0x198 common/built-in.o
                0x00000000878165b4                boot_relocate_fdt
 .text.boot_get_fdt
                0x000000008781674c      0x29c common/built-in.o
                0x000000008781674c                boot_get_fdt
 .text.ft_verify_fdt
                0x00000000878169e8        0x8 common/built-in.o
                0x00000000878169e8                ft_verify_fdt
 .text.image_setup_libfdt
                0x00000000878169f0      0x114 common/built-in.o
                0x00000000878169f0                image_setup_libfdt
 .text.get_effective_memsize
                0x0000000087816b04        0x8 common/built-in.o
                0x0000000087816b04                get_effective_memsize
 .text.nulldev_putc
                0x0000000087816b0c        0x4 common/built-in.o
 .text.nulldev_puts
                0x0000000087816b10        0x4 common/built-in.o
 .text.nulldev_input
                0x0000000087816b14        0x8 common/built-in.o
 .text.stdio_serial_tstc
                0x0000000087816b1c        0x4 common/built-in.o
 .text.stdio_serial_getc
                0x0000000087816b20        0x4 common/built-in.o
 .text.stdio_serial_puts
                0x0000000087816b24        0x8 common/built-in.o
 .text.stdio_serial_putc
                0x0000000087816b2c        0x8 common/built-in.o
 .text.stdio_get_list
                0x0000000087816b34        0xc common/built-in.o
                0x0000000087816b34                stdio_get_list
 .text.stdio_get_by_name
                0x0000000087816b40       0x5c common/built-in.o
                0x0000000087816b40                stdio_get_by_name
 .text.stdio_clone
                0x0000000087816b9c       0x38 common/built-in.o
                0x0000000087816b9c                stdio_clone
 .text.stdio_register_dev
                0x0000000087816bd4       0x50 common/built-in.o
                0x0000000087816bd4                stdio_register_dev
 .text.stdio_register
                0x0000000087816c24        0x8 common/built-in.o
                0x0000000087816c24                stdio_register
 .text.stdio_init_tables
                0x0000000087816c2c       0x1c common/built-in.o
                0x0000000087816c2c                stdio_init_tables
 .text.stdio_add_devices
                0x0000000087816c48       0xd4 common/built-in.o
                0x0000000087816c48                stdio_add_devices
 .text.run_command
                0x0000000087816d1c       0x10 common/built-in.o
                0x0000000087816d1c                run_command
 .text.run_command_list
                0x0000000087816d2c       0x7c common/built-in.o
                0x0000000087816d2c                run_command_list
 .text.do_run   0x0000000087816da8       0x78 common/built-in.o
                0x0000000087816da8                do_run
 .text.cli_loop
                0x0000000087816e20        0xc common/built-in.o
                0x0000000087816e20                cli_loop
 .text.cli_init
                0x0000000087816e2c        0x4 common/built-in.o
                0x0000000087816e2c                cli_init
 .text.delete_char.part.0
                0x0000000087816e30       0xd0 common/built-in.o
 .text.cread_add_char
                0x0000000087816f00       0xe8 common/built-in.o
 .text.cli_readline_into_buffer
                0x0000000087816fe8      0x9c0 common/built-in.o
                0x0000000087816fe8                cli_readline_into_buffer
 .text.cli_readline
                0x00000000878179a8       0x14 common/built-in.o
                0x00000000878179a8                cli_readline
 .text.find_cmd_tbl
                0x00000000878179bc       0xa4 common/built-in.o
                0x00000000878179bc                find_cmd_tbl
 .text.find_cmd
                0x0000000087817a60       0x28 common/built-in.o
                0x0000000087817a60                find_cmd
 .text.cmd_usage
                0x0000000087817a88       0x5c common/built-in.o
                0x0000000087817a88                cmd_usage
 .text._do_help
                0x0000000087817ae4      0x178 common/built-in.o
                0x0000000087817ae4                _do_help
 .text.var_complete
                0x0000000087817c5c       0x84 common/built-in.o
                0x0000000087817c5c                var_complete
 .text.cmd_auto_complete
                0x0000000087817ce0      0x4d4 common/built-in.o
                0x0000000087817ce0                cmd_auto_complete
 .text.cmd_get_data_size
                0x00000000878181b4       0x5c common/built-in.o
                0x00000000878181b4                cmd_get_data_size
 .text.cmd_process
                0x0000000087818210       0xec common/built-in.o
                0x0000000087818210                cmd_process
 .text.cmd_process_error
                0x00000000878182fc       0x30 common/built-in.o
                0x00000000878182fc                cmd_process_error
 .text.hex1_bin
                0x000000008781832c       0x40 common/built-in.o
 .text.hex2_bin
                0x000000008781836c       0x38 common/built-in.o
 .text.srec_decode
                0x00000000878183a4      0x254 common/built-in.o
                0x00000000878183a4                srec_decode
 .text.CYGACC_COMM_IF_GETC_TIMEOUT.isra.0
                0x00000000878185f8       0x5c common/built-in.o
 .text.xyzModem_flush
                0x0000000087818654       0x1c common/built-in.o
 .text.xyzModem_get_hdr
                0x0000000087818670      0x230 common/built-in.o
 .text.xyzModem_stream_open
                0x00000000878188a0      0x224 common/built-in.o
                0x00000000878188a0                xyzModem_stream_open
 .text.xyzModem_stream_read
                0x0000000087818ac4      0x254 common/built-in.o
                0x0000000087818ac4                xyzModem_stream_read
 .text.xyzModem_stream_close
                0x0000000087818d18       0x54 common/built-in.o
                0x0000000087818d18                xyzModem_stream_close
 .text.xyzModem_stream_terminate
                0x0000000087818d6c       0x94 common/built-in.o
                0x0000000087818d6c                xyzModem_stream_terminate
 .text.xyzModem_error
                0x0000000087818e00       0x20 common/built-in.o
                0x0000000087818e00                xyzModem_error
 .text.common_diskboot
                0x0000000087818e20      0x240 common/built-in.o
                0x0000000087818e20                common_diskboot
 .text.get_dev_hwpart
                0x0000000087819060       0xa8 disk/built-in.o
 .text.dev_print
                0x0000000087819108      0x20c disk/built-in.o
                0x0000000087819108                dev_print
 .text.init_part
                0x0000000087819314       0x20 disk/built-in.o
                0x0000000087819314                init_part
 .text.print_part
                0x0000000087819334       0xf4 disk/built-in.o
                0x0000000087819334                print_part
 .text.get_partition_info
                0x0000000087819428       0x2c disk/built-in.o
                0x0000000087819428                get_partition_info
 .text.get_device
                0x0000000087819454      0x114 disk/built-in.o
                0x0000000087819454                get_device
 .text.get_device_and_partition
                0x0000000087819568      0x440 disk/built-in.o
                0x0000000087819568                get_device_and_partition
 .text.test_block_type
                0x00000000878199a8       0x84 disk/built-in.o
 .text.print_partition_extended
                0x0000000087819a2c      0x278 disk/built-in.o
 .text.get_partition_info_extended.constprop.1
                0x0000000087819ca4      0x300 disk/built-in.o
 .text.test_part_dos
                0x0000000087819fa4       0x64 disk/built-in.o
                0x0000000087819fa4                test_part_dos
 .text.print_part_dos
                0x000000008781a008       0x34 disk/built-in.o
                0x000000008781a008                print_part_dos
 .text.get_partition_info_dos
                0x000000008781a03c       0x20 disk/built-in.o
                0x000000008781a03c                get_partition_info_dos
 .text.device_bind
                0x000000008781a05c      0x268 drivers/built-in.o
                0x000000008781a05c                device_bind
 .text.device_bind_by_name
                0x000000008781a2c4       0x60 drivers/built-in.o
                0x000000008781a2c4                device_bind_by_name
 .text.device_probe
                0x000000008781a324        0x8 drivers/built-in.o
                0x000000008781a324                device_probe
 .text.device_probe_child
                0x000000008781a32c      0x210 drivers/built-in.o
                0x000000008781a32c                device_probe_child
 .text.dev_get_platdata
                0x000000008781a53c       0x34 drivers/built-in.o
                0x000000008781a53c                dev_get_platdata
 .text.dev_get_priv
                0x000000008781a570       0x34 drivers/built-in.o
                0x000000008781a570                dev_get_priv
 .text.lists_driver_lookup_name
                0x000000008781a5a4       0x4c drivers/built-in.o
                0x000000008781a5a4                lists_driver_lookup_name
 .text.lists_uclass_lookup
                0x000000008781a5f0       0x3c drivers/built-in.o
                0x000000008781a5f0                lists_uclass_lookup
 .text.lists_bind_drivers
                0x000000008781a62c       0x88 drivers/built-in.o
                0x000000008781a62c                lists_bind_drivers
 .text.dm_root  0x000000008781a6b4       0x2c drivers/built-in.o
                0x000000008781a6b4                dm_root
 .text.dm_init  0x000000008781a6e0       0x58 drivers/built-in.o
                0x000000008781a6e0                dm_init
 .text.dm_scan_platdata
                0x000000008781a738       0x2c drivers/built-in.o
                0x000000008781a738                dm_scan_platdata
 .text.dm_scan_other
                0x000000008781a764        0x8 drivers/built-in.o
                0x000000008781a764                dm_scan_other
 .text.dm_init_and_scan
                0x000000008781a76c       0x30 drivers/built-in.o
                0x000000008781a76c                dm_init_and_scan
 .text.uclass_find
                0x000000008781a79c       0x4c drivers/built-in.o
                0x000000008781a79c                uclass_find
 .text.uclass_get
                0x000000008781a7e8      0x134 drivers/built-in.o
                0x000000008781a7e8                uclass_get
 .text.uclass_find_device
                0x000000008781a91c       0x68 drivers/built-in.o
                0x000000008781a91c                uclass_find_device
 .text.uclass_find_device_by_seq
                0x000000008781a984       0x7c drivers/built-in.o
                0x000000008781a984                uclass_find_device_by_seq
 .text.uclass_get_device
                0x000000008781aa00       0x3c drivers/built-in.o
                0x000000008781aa00                uclass_get_device
 .text.uclass_bind_device
                0x000000008781aa3c       0xa4 drivers/built-in.o
                0x000000008781aa3c                uclass_bind_device
 .text.uclass_unbind_device
                0x000000008781aae0       0x4c drivers/built-in.o
                0x000000008781aae0                uclass_unbind_device
 .text.uclass_resolve_seq
                0x000000008781ab2c       0xb0 drivers/built-in.o
                0x000000008781ab2c                uclass_resolve_seq
 .text.uclass_pre_probe_child
                0x000000008781abdc       0x2c drivers/built-in.o
                0x000000008781abdc                uclass_pre_probe_child
 .text.uclass_post_probe_device
                0x000000008781ac08       0x20 drivers/built-in.o
                0x000000008781ac08                uclass_post_probe_device
 .text.uclass_pre_remove_device
                0x000000008781ac28       0x5c drivers/built-in.o
                0x000000008781ac28                uclass_pre_remove_device
 .text.dm_warn  0x000000008781ac84       0x28 drivers/built-in.o
                0x000000008781ac84                dm_warn
 .text.device_free
                0x000000008781acac       0x90 drivers/built-in.o
                0x000000008781acac                device_free
 .text.device_remove
                0x000000008781ad3c      0x138 drivers/built-in.o
                0x000000008781ad3c                device_remove
 .text.finish_access
                0x000000008781ae74       0x2c drivers/built-in.o
 .text.set_timing
                0x000000008781aea0       0xb4 drivers/built-in.o
 .text.prepare_access
                0x000000008781af54       0x88 drivers/built-in.o
 .text.fuse_bank_physical
                0x000000008781afdc       0x78 drivers/built-in.o
                0x000000008781afdc                fuse_bank_physical
 .text.fuse_read
                0x000000008781b054       0x74 drivers/built-in.o
                0x000000008781b054                fuse_read
 .text.fuse_sense
                0x000000008781b0c8       0xac drivers/built-in.o
                0x000000008781b0c8                fuse_sense
 .text.fuse_prog
                0x000000008781b174       0xa8 drivers/built-in.o
                0x000000008781b174                fuse_prog
 .text.fuse_override
                0x000000008781b21c       0x6c drivers/built-in.o
                0x000000008781b21c                fuse_override
 .text.video_drawchars
                0x000000008781b288      0x44c drivers/built-in.o
 .text.video_invertchar
                0x000000008781b6d4       0x74 drivers/built-in.o
 .text.draw_bitmap
                0x000000008781b748       0xdc drivers/built-in.o
 .text.video_putc.part.1
                0x000000008781b824       0x28 drivers/built-in.o
 .text.console_newline.constprop.3
                0x000000008781b84c       0xe0 drivers/built-in.o
 .text.board_cfb_skip
                0x000000008781b92c        0x8 drivers/built-in.o
                0x000000008781b92c                board_cfb_skip
 .text.console_cursor
                0x000000008781b934       0xa8 drivers/built-in.o
                0x000000008781b934                console_cursor
 .text.video_putc
                0x000000008781b9dc      0x1a4 drivers/built-in.o
 .text.video_puts
                0x000000008781bb80       0x7c drivers/built-in.o
 .text.video_set_lut
                0x000000008781bbfc        0x4 drivers/built-in.o
                0x000000008781bbfc                video_set_lut
 .text.display_rle8_bitmap
                0x000000008781bc00      0x350 drivers/built-in.o
 .text.plot_logo_or_black
                0x000000008781bf50      0x28c drivers/built-in.o
 .text.do_clrlogo
                0x000000008781c1dc       0x58 drivers/built-in.o
 .text.video_display_bitmap
                0x000000008781c234      0x934 drivers/built-in.o
                0x000000008781c234                video_display_bitmap
 .text.video_clear
                0x000000008781cb68       0x54 drivers/built-in.o
                0x000000008781cb68                video_clear
 .text.drv_video_init
                0x000000008781cbbc      0x458 drivers/built-in.o
                0x000000008781cbbc                drv_video_init
 .text.mxsfb_system_setup
                0x000000008781d014        0x4 drivers/built-in.o
                0x000000008781d014                mxsfb_system_setup
 .text.mxs_lcd_panel_setup
                0x000000008781d018       0x78 drivers/built-in.o
                0x000000008781d018                mxs_lcd_panel_setup
 .text.lcdif_power_down
                0x000000008781d090       0x6c drivers/built-in.o
                0x000000008781d090                lcdif_power_down
 .text.video_hw_init
                0x000000008781d0fc      0x340 drivers/built-in.o
                0x000000008781d0fc                video_hw_init
 .text.video_get_param_len.constprop.1
                0x000000008781d43c       0x20 drivers/built-in.o
 .text.video_get_params
                0x000000008781d45c      0x4d8 drivers/built-in.o
                0x000000008781d45c                video_get_params
 .text.reset_cpu
                0x000000008781d934       0x28 drivers/built-in.o
                0x000000008781d934                reset_cpu
 .text.thermal_get_temp
                0x000000008781d95c       0x20 drivers/built-in.o
                0x000000008781d95c                thermal_get_temp
 *fill*         0x000000008781d97c        0x4 
 .text.read_cpu_temperature
                0x000000008781d980      0x150 drivers/built-in.o
 .text.imx_thermal_get_temp
                0x000000008781dad0       0x48 drivers/built-in.o
                0x000000008781dad0                imx_thermal_get_temp
 .text.imx_thermal_probe
                0x000000008781db18       0x7c drivers/built-in.o
 .text.gpio_set_value
                0x000000008781db94       0x44 drivers/gpio/built-in.o
                0x000000008781db94                gpio_set_value
 .text.gpio_get_value
                0x000000008781dbd8       0x34 drivers/gpio/built-in.o
                0x000000008781dbd8                gpio_get_value
 .text.gpio_request
                0x000000008781dc0c       0x10 drivers/gpio/built-in.o
                0x000000008781dc0c                gpio_request
 .text.gpio_free
                0x000000008781dc1c        0x8 drivers/gpio/built-in.o
                0x000000008781dc1c                gpio_free
 .text.gpio_direction_input
                0x000000008781dc24       0x3c drivers/gpio/built-in.o
                0x000000008781dc24                gpio_direction_input
 .text.gpio_direction_output
                0x000000008781dc60       0x50 drivers/gpio/built-in.o
                0x000000008781dc60                gpio_direction_output
 .text.i2c_get_adapter
                0x000000008781dcb0       0x64 drivers/i2c/built-in.o
                0x000000008781dcb0                i2c_get_adapter
 .text.i2c_init_bus
                0x000000008781dd14       0x90 drivers/i2c/built-in.o
 .text.i2c_get_bus_num
                0x000000008781dda4        0x8 drivers/i2c/built-in.o
                0x000000008781dda4                i2c_get_bus_num
 .text.i2c_set_bus_num
                0x000000008781ddac       0xb8 drivers/i2c/built-in.o
                0x000000008781ddac                i2c_set_bus_num
 .text.i2c_init_all
                0x000000008781de64       0x14 drivers/i2c/built-in.o
                0x000000008781de64                i2c_init_all
 .text.i2c_probe
                0x000000008781de78       0x2c drivers/i2c/built-in.o
                0x000000008781de78                i2c_probe
 .text.i2c_read
                0x000000008781dea4       0x4c drivers/i2c/built-in.o
                0x000000008781dea4                i2c_read
 .text.i2c_write
                0x000000008781def0       0x4c drivers/i2c/built-in.o
                0x000000008781def0                i2c_write
 .text.i2c_set_bus_speed
                0x000000008781df3c       0x64 drivers/i2c/built-in.o
                0x000000008781df3c                i2c_set_bus_speed
 .text.i2c_get_bus_speed
                0x000000008781dfa0       0x14 drivers/i2c/built-in.o
                0x000000008781dfa0                i2c_get_bus_speed
 .text.i2c_init
                0x000000008781dfb4       0x14 drivers/i2c/built-in.o
                0x000000008781dfb4                i2c_init
 .text.wait_for_sr_state
                0x000000008781dfc8       0xb0 drivers/i2c/built-in.o
 .text.tx_byte  0x000000008781e078       0x2c drivers/i2c/built-in.o
 .text.i2c_imx_get_clk
                0x000000008781e0a4       0x64 drivers/i2c/built-in.o
 .text.i2c_imx_stop
                0x000000008781e108       0x3c drivers/i2c/built-in.o
 .text.mxc_i2c_set_bus_speed
                0x000000008781e144       0x40 drivers/i2c/built-in.o
 .text.__i2c_force_reset_slave
                0x000000008781e184        0x4 drivers/i2c/built-in.o
                0x000000008781e184                __i2c_force_reset_slave
                0x000000008781e184                i2c_force_reset_slave
 .text.i2c_init_transfer
                0x000000008781e188      0x1e0 drivers/i2c/built-in.o
 .text.bus_i2c_read
                0x000000008781e368      0x100 drivers/i2c/built-in.o
                0x000000008781e368                bus_i2c_read
 .text.mxc_i2c_read
                0x000000008781e468       0x14 drivers/i2c/built-in.o
 .text.bus_i2c_write
                0x000000008781e47c       0x50 drivers/i2c/built-in.o
                0x000000008781e47c                bus_i2c_write
 .text.mxc_i2c_write
                0x000000008781e4cc       0x14 drivers/i2c/built-in.o
 .text.mxc_i2c_probe
                0x000000008781e4e0       0x30 drivers/i2c/built-in.o
 .text.bus_i2c_init
                0x000000008781e510       0xa0 drivers/i2c/built-in.o
                0x000000008781e510                bus_i2c_init
 .text.mxc_i2c_init
                0x000000008781e5b0       0x28 drivers/i2c/built-in.o
 .text.esdhc_getcd
                0x000000008781e5d8       0x40 drivers/mmc/built-in.o
 .text.esdhc_set_ios
                0x000000008781e618      0x124 drivers/mmc/built-in.o
 .text.esdhc_init
                0x000000008781e73c       0xa8 drivers/mmc/built-in.o
 .text.check_and_invalidate_dcache_range.isra.0
                0x000000008781e7e4       0x30 drivers/mmc/built-in.o
 .text.esdhc_send_cmd
                0x000000008781e814      0x3e4 drivers/mmc/built-in.o
 .text.fsl_esdhc_initialize
                0x000000008781ebf8      0x188 drivers/mmc/built-in.o
                0x000000008781ebf8                fsl_esdhc_initialize
 .text.fsl_esdhc_mmc_init
                0x000000008781ed80       0x38 drivers/mmc/built-in.o
                0x000000008781ed80                fsl_esdhc_mmc_init
 .text.mmc_set_ios
                0x000000008781edb8       0x18 drivers/mmc/built-in.o
 .text.mmc_set_capacity
                0x000000008781edd0       0xa8 drivers/mmc/built-in.o
 .text.board_mmc_getwp
                0x000000008781ee78        0x8 drivers/mmc/built-in.o
                0x000000008781ee78                board_mmc_getwp
 .text.mmc_getwp
                0x000000008781ee80       0x3c drivers/mmc/built-in.o
                0x000000008781ee80                mmc_getwp
 .text.mmc_send_cmd
                0x000000008781eebc       0x10 drivers/mmc/built-in.o
                0x000000008781eebc                mmc_send_cmd
 .text.mmc_send_ext_csd
                0x000000008781eecc       0x4c drivers/mmc/built-in.o
 .text.mmc_go_idle
                0x000000008781ef18       0x4c drivers/mmc/built-in.o
 .text.mmc_send_op_cond_iter
                0x000000008781ef64       0x80 drivers/mmc/built-in.o
 .text.mmc_send_status
                0x000000008781efe4       0xd0 drivers/mmc/built-in.o
                0x000000008781efe4                mmc_send_status
 .text.mmc_switch.isra.0
                0x000000008781f0b4       0x54 drivers/mmc/built-in.o
 .text.mmc_set_blocklen
                0x000000008781f108       0x40 drivers/mmc/built-in.o
                0x000000008781f108                mmc_set_blocklen
 .text.find_mmc_device
                0x000000008781f148       0x4c drivers/mmc/built-in.o
                0x000000008781f148                find_mmc_device
 .text.mmc_bread
                0x000000008781f194      0x13c drivers/mmc/built-in.o
 .text.mmc_switch_part
                0x000000008781f2d0       0x58 drivers/mmc/built-in.o
                0x000000008781f2d0                mmc_switch_part
 .text.mmc_select_hwpart
                0x000000008781f328       0x6c drivers/mmc/built-in.o
                0x000000008781f328                mmc_select_hwpart
 .text.mmc_hwpart_config
                0x000000008781f394      0x42c drivers/mmc/built-in.o
                0x000000008781f394                mmc_hwpart_config
 .text.mmc_getcd
                0x000000008781f7c0       0x3c drivers/mmc/built-in.o
                0x000000008781f7c0                mmc_getcd
 .text.mmc_set_clock
                0x000000008781f7fc       0x24 drivers/mmc/built-in.o
                0x000000008781f7fc                mmc_set_clock
 .text.mmc_startup
                0x000000008781f820      0xc74 drivers/mmc/built-in.o
 .text.mmc_create
                0x0000000087820494       0xfc drivers/mmc/built-in.o
                0x0000000087820494                mmc_create
 .text.board_mmc_power_init
                0x0000000087820590        0x4 drivers/mmc/built-in.o
                0x0000000087820590                board_mmc_power_init
 .text.mmc_start_init
                0x0000000087820594      0x288 drivers/mmc/built-in.o
                0x0000000087820594                mmc_start_init
 .text.mmc_init
                0x000000008782081c      0x100 drivers/mmc/built-in.o
                0x000000008782081c                mmc_init
 .text.mmc_get_dev
                0x000000008782091c       0x2c drivers/mmc/built-in.o
                0x000000008782091c                mmc_get_dev
 .text.mmc_set_dsr
                0x0000000087820948        0xc drivers/mmc/built-in.o
                0x0000000087820948                mmc_set_dsr
 .text.print_mmc_devices
                0x0000000087820954       0xc0 drivers/mmc/built-in.o
                0x0000000087820954                print_mmc_devices
 .text.get_mmc_num
                0x0000000087820a14       0x10 drivers/mmc/built-in.o
                0x0000000087820a14                get_mmc_num
 .text.mmc_initialize
                0x0000000087820a24       0x74 drivers/mmc/built-in.o
                0x0000000087820a24                mmc_initialize
 .text.mmc_boot_partition_size_change
                0x0000000087820a98       0xc4 drivers/mmc/built-in.o
                0x0000000087820a98                mmc_boot_partition_size_change
 .text.mmc_set_boot_bus_width